# serializer version: 1
# name: test_all_disabled_parking_spaces
  list([
    DisabledParking(
      coordinates=list([
        list([
          4.391823216523055,
          51.204380414721534,
        ]),
        list([
          4.391890655441355,
          51.20439166725936,
        ]),
        list([
          4.391920670914526,
          51.20439667495787,
        ]),
        list([
          4.391912910140442,
          51.204413466938526,
        ]),
        list([
          4.391912672866264,
          51.20441394067745,
        ]),
        list([
          4.391815870951576,
          51.204397789063655,
        ]),
        list([
          4.391823216523055,
          51.204380414721534,
        ]),
      ]),
      created_at=datetime.datetime(2022, 7, 12, 2, 0, tzinfo=<DstTzInfo 'Europe/Brussels' CEST+2:00:00 DST>),
      destiny='mindervalide',
      entry_id=42044,
      gis_id='GIS_J_4213',
      lined=False,
      number=1,
      orientation='Langs',
      status='actief',
      window_time=None,
    ),
    DisabledParking(
      coordinates=list([
        list([
          4.455675140268877,
          51.23493059018865,
        ]),
        list([
          4.455645047689535,
          51.234920763051,
        ]),
        list([
          4.455691403116768,
          51.234864822120784,
        ]),
        list([
          4.455721494237986,
          51.23487464924792,
        ]),
        list([
          4.455675140268877,
          51.23493059018865,
        ]),
      ]),
      created_at=datetime.datetime(2020, 2, 6, 1, 0, tzinfo=<DstTzInfo 'Europe/Brussels' CET+1:00:00 STD>),
      destiny='mindervalide',
      entry_id=42045,
      gis_id='GIS_102',
      lined=False,
      number=1,
      orientation='Langs',
      status='actief',
      window_time=None,
    ),
    DisabledParking(
      coordinates=list([
        list([
          4.426031684618144,
          51.21583231636185,
        ]),
        list([
          4.426003855387162,
          51.21584377404424,
        ]),
        list([
          4.425946830909598,
          51.21579469741439,
        ]),
        list([
          4.4259733277135656,
          51.21578209437603,
        ]),
        list([
          4.426031684618144,
          51.21583231636185,
        ]),
      ]),
      created_at=datetime.datetime(2019, 12, 10, 1, 0, tzinfo=<DstTzInfo 'Europe/Brussels' CET+1:00:00 STD>),
      destiny='mindervalide',
      entry_id=42046,
      gis_id='GIS_103',
      lined=False,
      number=1,
      orientation='Langs',
      status='actief',
      window_time=None,
    ),
    DisabledParking(
      coordinates=list([
        list([
          4.4077970933008155,
          51.2028035236245,
        ]),
        list([
          4.4078555624104,
          51.20285450891529,
        ]),
        list([
          4.40783234560851,
          51.20286501703832,
        ]),
        list([
          4.407774278858268,
          51.20281438394837,
        ]),
        list([
          4.4077970933008155,
          51.2028035236245,
        ]),
      ]),
      created_at=datetime.datetime(2020, 1, 29, 1, 0, tzinfo=<DstTzInfo 'Europe/Brussels' CET+1:00:00 STD>),
      destiny='mindervalide',
      entry_id=42047,
      gis_id='GIS_109',
      lined=False,
      number=1,
      orientation='Langs',
      status='actief',
      window_time=None,
    ),
    DisabledParking(
      coordinates=list([
        list([
          4.380429025818914,
          51.2256858501889,
        ]),
        list([
          4.380349785386456,
          51.22568696222369,
        ]),
        list([
          4.38034909565823,
          51.22566616230958,
        ]),
        list([
          4.3803490538075245,
          51.22566488057244,
        ]),
        list([
          4.38042838580686,
          51.225663730777406,
        ]),
        list([
          4.380428417590236,
          51.22566482735518,
        ]),
        list([
          4.380429025818914,
          51.2256858501889,
        ]),
      ]),
      created_at=datetime.datetime(2019, 8, 9, 2, 0, tzinfo=<DstTzInfo 'Europe/Brussels' CEST+2:00:00 DST>),
      destiny='mindervalide',
      entry_id=42048,
      gis_id='GIS_110',
      lined=False,
      number=1,
      orientation='Dwars',
      status='actief',
      window_time=None,
    ),
    DisabledParking(
      coordinates=list([
        list([
          4.380429665828582,
          51.22570795791531,
        ]),
        list([
          4.380350519835611,
          51.22570906904189,
        ]),
        list([
          4.380349785386456,
          51.22568696222369,
        ]),
        list([
          4.380429025818914,
          51.2256858501889,
        ]),
        list([
          4.380429665828582,
          51.22570795791531,
        ]),
      ]),
      created_at=datetime.datetime(2019, 8, 9, 2, 0, tzinfo=<DstTzInfo 'Europe/Brussels' CEST+2:00:00 DST>),
      destiny='mindervalide',
      entry_id=42049,
      gis_id='GIS_111',
      lined=False,
      number=1,
      orientation='Dwars',
      status='actief',
      window_time=None,
    ),
    DisabledParking(
      coordinates=list([
        list([
          4.449146791285996,
          51.22905234261221,
        ]),
        list([
          4.449212533133099,
          51.229007611870834,
        ]),
        list([
          4.449233798323922,
          51.22901942955687,
        ]),
        list([
          4.449168083649293,
          51.22906414231456,
        ]),
        list([
          4.449146791285996,
          51.22905234261221,
        ]),
      ]),
      created_at=datetime.datetime(2020, 2, 7, 1, 0, tzinfo=<DstTzInfo 'Europe/Brussels' CET+1:00:00 STD>),
      destiny='mindervalide',
      entry_id=42050,
      gis_id='GIS_113',
      lined=False,
      number=1,
      orientation='Langs',
      status='actief',
      window_time=None,
    ),
    DisabledParking(
      coordinates=list([
        list([
          4.419602987720314,
          51.228704999836886,
        ]),
        list([
          4.419627146201948,
          51.228695344793614,
        ]),
        list([
          4.419680052663834,
          51.22874965994693,
        ]),
        list([
          4.419655629020243,
          51.22875904007267,
        ]),
        list([
          4.419655318016714,
          51.22875872112155,
        ]),
        list([
          4.419602987720314,
          51.228704999836886,
        ]),
      ]),
      created_at=datetime.datetime(2019, 9, 30, 2, 0, tzinfo=<DstTzInfo 'Europe/Brussels' CEST+2:00:00 DST>),
      destiny='mindervalide',
      entry_id=42051,
      gis_id='GIS_1132',
      lined=False,
      number=1,
      orientation='Langs',
      status='actief',
      window_time=None,
    ),
    DisabledParking(
      coordinates=list([
        list([
          4.420449466563296,
          51.229550742572265,
        ]),
        list([
          4.420473592352026,
          51.22954106130764,
        ]),
        list([
          4.420515977169261,
          51.22958271254125,
        ]),
        list([
          4.420491835603105,
          51.22959237854114,
        ]),
        list([
          4.420449466563296,
          51.229550742572265,
        ]),
      ]),
      created_at=datetime.datetime(2019, 9, 30, 2, 0, tzinfo=<DstTzInfo 'Europe/Brussels' CEST+2:00:00 DST>),
      destiny='mindervalide',
      entry_id=42052,
      gis_id='GIS_1138',
      lined=False,
      number=1,
      orientation='Langs',
      status='actief',
      window_time=None,
    ),
    DisabledParking(
      coordinates=list([
        list([
          4.420499478750253,
          51.22959989031804,
        ]),
        list([
          4.4204918370347235,
          51.22959237854052,
        ]),
        list([
          4.420515977169261,
          51.22958271254125,
        ]),
        list([
          4.420523786566688,
          51.22959038693213,
        ]),
        list([
          4.420558223045742,
          51.22962422899532,
        ]),
        list([
          4.42053409436538,
          51.229633907581686,
        ]),
        list([
          4.420499478750253,
          51.22959989031804,
        ]),
      ]),
      created_at=None,
      destiny='mindervalide',
      entry_id=42053,
      gis_id='GIS_1139',
      lined=False,
      number=1,
      orientation='Langs',
      status='actief',
      window_time=None,
    ),
  ])
# ---
